// Jest Snapshot v1, https://goo.gl/fbAQLP

exports[`<Display /> matches snapshot 1`] = `
<div
  className="display panel"
>
  <div
    className="led green-led"
    data-testid="lockUnlock"
  >
    Unlocked
  </div>
  <div
    className="led green-led"
    data-testid="closeOpen"
  >
    Open
  </div>
</div>
`;
